STEP to UG
! INFO-     NX STEP AP203 - V2406.1700
! INFO-      
! INFO-     Start of Translation: 12-JUN-2026  11:07:59 AM
! INFO-      
! STATUS-   Converting Part: C:\Users\felix.l.hoch\Downloads\LMD8S12BSS05-060.stp
! SUMMARY-   
! SUMMARY-    STEP Header Information
! SUMMARY-   
! SUMMARY-  Description      This file contains a STEP AP42 implementation
! SUMMARY-  Description      as created by ZW3D STEP Interface translator.
! SUMMARY-  Description      Unknown
! SUMMARY-  Imp_Level        2;1
! SUMMARY-  File_Name        PDM20E230-BS0401-0.5-4-60-001.stp
! SUMMARY-  Date             26 3 2.171526
! SUMMARY-  Author           Unknown
! SUMMARY-  Organization     ZWCAD Software Co.
! SUMMARY-  Pre_Version      Version 1.0
! SUMMARY-  Orig_System      ZW3D to STEP translator
! SUMMARY-  Authorization    Unknown
! SUMMARY-  Schema_ID        automotive_design
! SUMMARY-   
! SUMMARY-    Summary of STEP Entities
! SUMMARY-   
! SUMMARY-  Entity Type                                                   Count
! SUMMARY-  -----------                                                   ------
! SUMMARY-  advanced_face ..............................................:    776
! SUMMARY-  application_context ........................................:     43
! SUMMARY-  axis2_placement_3d .........................................:   1430
! SUMMARY-  b_spline_curve_with_knots ..................................:    162
! SUMMARY-  b_spline_curve_with_knots_and_rational_b_spline_curve ......:     64
! SUMMARY-  b_spline_surface_with_knots_and_rational_b_spline_surface ..:      2
! SUMMARY-  cartesian_point ............................................:  29158
! SUMMARY-  circle .....................................................:    619
! SUMMARY-  closed_shell ...............................................:     25
! SUMMARY-  conical_surface ............................................:     72
! SUMMARY-  context_dependent_shape_representation .....................:     40
! SUMMARY-  cylindrical_surface ........................................:    249
! SUMMARY-  direction ..................................................:   3924
! SUMMARY-  edge_curve .................................................:   1908
! SUMMARY-  edge_loop ..................................................:    984
! SUMMARY-  face_bound .................................................:    208
! SUMMARY-  face_outer_bound ...........................................:    776
! SUMMARY-  geometric_representation_context_and_global_uncertainty_a ..:      1
! SUMMARY-  item_defined_transformation ................................:     40
! SUMMARY-  length_unit_and_si_unit ....................................:      1
! SUMMARY-  line .......................................................:   1064
! SUMMARY-  manifold_solid_brep ........................................:     25
! SUMMARY-  next_assembly_usage_occurrence .............................:     40
! SUMMARY-  open_shell .................................................:      4
! SUMMARY-  oriented_edge ..............................................:   3800
! SUMMARY-  plane ......................................................:    364
! SUMMARY-  plane_angle_unit_and_si_unit ...............................:      1
! SUMMARY-  product ....................................................:     22
! SUMMARY-  product_context ............................................:     22
! SUMMARY-  product_definition .........................................:     22
! SUMMARY-  product_definition_context .................................:     22
! SUMMARY-  product_definition_formation_with_specified_source .........:     22
! SUMMARY-  product_definition_shape ...................................:     62
! SUMMARY-  product_related_product_category ...........................:     22
! SUMMARY-  representation_relationship_with_transformation_and_shape ..:     40
! SUMMARY-  shape_representation .......................................:     21
! SUMMARY-  shell_based_surface_model ..................................:      4
! SUMMARY-  si_unit_and_solid_angle_unit ...............................:      1
! SUMMARY-  spherical_surface ..........................................:      2
! SUMMARY-  toroidal_surface ...........................................:     23
! SUMMARY-  trimmed_curve ..............................................:      5
! SUMMARY-  uncertainty_measure_with_unit ..............................:      1
! SUMMARY-  vector .....................................................:   1064
! SUMMARY-  vertex_point ...............................................:   1242
! SUMMARY-                                                               -------
! SUMMARY-  Total                                                          48377
! STATUS-    
! STATUS-   Converting to Output Form (Phase 2 of 3): 12-JUN-2026 11:08:00 AM
! STATUS-    
! STATUS-    
! STATUS-   Generating UG geometry and placing them in parts
! STATUS-    
! STATUS-   Creating the UG part (Phase 3 of 3): 12-JUN-2026  11:08:05 AM
! INFO-     Filing Part ..: C:\Users\felix.l.hoch\OneDrive - Syddansk Universitet\Documents\Spotter-Syringe\Syringe_Spotter_V2\16-20-904
! SUMMARY-   
! SUMMARY-  Summary of Unigraphics Part Entities
! SUMMARY-   
! SUMMARY-  Entities Processed             Count
! SUMMARY-  ------------------             -----
! SUMMARY-  Solid/Sheet .................:     1
! SUMMARY-                                 -----
! SUMMARY-  Total                              1
! STATUS-   Creating the UG part (Phase 3 of 3): 12-JUN-2026  11:08:14 AM
! INFO-     Filing Part ..: C:\Users\felix.l.hoch\OneDrive - Syddansk Universitet\Documents\Spotter-Syringe\Syringe_Spotter_V2\12-004(12-004-12)
! SUMMARY-   
! SUMMARY-  Summary of Unigraphics Part Entities
! SUMMARY-   
! SUMMARY-  Entities Processed             Count
! SUMMARY-  ------------------             -----
! SUMMARY-  Solid/Sheet .................:     1
! SUMMARY-                                 -----
! SUMMARY-  Total                              1
! STATUS-   Creating the UG part (Phase 3 of 3): 12-JUN-2026  11:08:14 AM
! INFO-     Filing Part ..: C:\Users\felix.l.hoch\OneDrive - Syddansk Universitet\Documents\Spotter-Syringe\Syringe_Spotter_V2\12-004
! SUMMARY-   
! SUMMARY-  Summary of Unigraphics Part Entities
! SUMMARY-   
! SUMMARY-  Entities Processed             Count
! SUMMARY-  ------------------             -----
! SUMMARY-  Arc/Circle ..................:     1
! SUMMARY-  Solid/Sheet .................:     1
! SUMMARY-                                 -----
! SUMMARY-  Total                              2
! STATUS-   Creating the UG part (Phase 3 of 3): 12-JUN-2026  11:08:14 AM
! INFO-     Filing Part ..: C:\Users\felix.l.hoch\OneDrive - Syddansk Universitet\Documents\Spotter-Syringe\Syringe_Spotter_V2\21-42-903
! SUMMARY-   
! SUMMARY-  Summary of Unigraphics Part Entities
! SUMMARY-   
! SUMMARY-  Entities Processed             Count
! SUMMARY-  ------------------             -----
! SUMMARY-  Solid/Sheet .................:     1
! SUMMARY-                                 -----
! SUMMARY-  Total                              1
! STATUS-   Creating the UG part (Phase 3 of 3): 12-JUN-2026  11:08:14 AM
! INFO-     Filing Part ..: C:\Users\felix.l.hoch\OneDrive - Syddansk Universitet\Documents\Spotter-Syringe\Syringe_Spotter_V2\B20E230-0-0.5-4-STD
! SUMMARY-   
! SUMMARY-  Summary of Unigraphics Part Entities
! SUMMARY-   
! SUMMARY-  Entities Processed             Count
! SUMMARY-  ------------------             -----
! SUMMARY-  Solid/Sheet .................:     6
! SUMMARY-                                 -----
! SUMMARY-  Total                              6
! STATUS-   Creating the UG part (Phase 3 of 3): 12-JUN-2026  11:08:14 AM
! INFO-     Filing Part ..: C:\Users\felix.l.hoch\OneDrive - Syddansk Universitet\Documents\Spotter-Syringe\Syringe_Spotter_V2\12-013(12-013-1)
! SUMMARY-   
! SUMMARY-  Summary of Unigraphics Part Entities
! SUMMARY-   
! SUMMARY-  Entities Processed             Count
! SUMMARY-  ------------------             -----
! SUMMARY-  Solid/Sheet .................:     1
! SUMMARY-                                 -----
! SUMMARY-  Total                              1
! STATUS-   Creating the UG part (Phase 3 of 3): 12-JUN-2026  11:08:14 AM
! INFO-     Filing Part ..: C:\Users\felix.l.hoch\OneDrive - Syddansk Universitet\Documents\Spotter-Syringe\Syringe_Spotter_V2\16-20-905
! SUMMARY-   
! SUMMARY-  Summary of Unigraphics Part Entities
! SUMMARY-   
! SUMMARY-  Entities Processed             Count
! SUMMARY-  ------------------             -----
! SUMMARY-  Solid/Sheet .................:     1
! SUMMARY-                                 -----
! SUMMARY-  Total                              1
! STATUS-   Creating the UG part (Phase 3 of 3): 12-JUN-2026  11:08:14 AM
! INFO-     Filing Part ..: C:\Users\felix.l.hoch\OneDrive - Syddansk Universitet\Documents\Spotter-Syringe\Syringe_Spotter_V2\12-013(12-013-3)
! SUMMARY-   
! SUMMARY-  Summary of Unigraphics Part Entities
! SUMMARY-   
! SUMMARY-  Entities Processed             Count
! SUMMARY-  ------------------             -----
! SUMMARY-  Solid/Sheet .................:     1
! SUMMARY-                                 -----
! SUMMARY-  Total                              1
! STATUS-   Creating the UG part (Phase 3 of 3): 12-JUN-2026  11:08:14 AM
! INFO-     Filing Part ..: C:\Users\felix.l.hoch\OneDrive - Syddansk Universitet\Documents\Spotter-Syringe\Syringe_Spotter_V2\12-013(12-013-6)
! SUMMARY-   
! SUMMARY-  Summary of Unigraphics Part Entities
! SUMMARY-   
! SUMMARY-  Entities Processed             Count
! SUMMARY-  ------------------             -----
! SUMMARY-  Solid/Sheet .................:     1
! SUMMARY-                                 -----
! SUMMARY-  Total                              1
! STATUS-   Creating the UG part (Phase 3 of 3): 12-JUN-2026  11:08:15 AM
! INFO-     Filing Part ..: C:\Users\felix.l.hoch\OneDrive - Syddansk Universitet\Documents\Spotter-Syringe\Syringe_Spotter_V2\12-013
! SUMMARY-   
! SUMMARY-  Summary of Unigraphics Part Entities
! SUMMARY-   
! SUMMARY-  Entities Processed             Count
! SUMMARY-  ------------------             -----
! SUMMARY-  Solid/Sheet .................:     1
! SUMMARY-                                 -----
! SUMMARY-  Total                              1
! STATUS-   Creating the UG part (Phase 3 of 3): 12-JUN-2026  11:08:15 AM
! INFO-     Filing Part ..: C:\Users\felix.l.hoch\OneDrive - Syddansk Universitet\Documents\Spotter-Syringe\Syringe_Spotter_V2\12-014
! SUMMARY-   
! SUMMARY-  Summary of Unigraphics Part Entities
! SUMMARY-   
! SUMMARY-  Entities Processed             Count
! SUMMARY-  ------------------             -----
! SUMMARY-  Solid/Sheet .................:     1
! SUMMARY-                                 -----
! SUMMARY-  Total                              1
! STATUS-   Creating the UG part (Phase 3 of 3): 12-JUN-2026  11:08:15 AM
! INFO-     Filing Part ..: C:\Users\felix.l.hoch\OneDrive - Syddansk Universitet\Documents\Spotter-Syringe\Syringe_Spotter_V2\11-003
! SUMMARY-   
! SUMMARY-  Summary of Unigraphics Part Entities
! SUMMARY-   
! SUMMARY-  Entities Processed             Count
! SUMMARY-  ------------------             -----
! SUMMARY-  Solid/Sheet .................:     1
! SUMMARY-                                 -----
! SUMMARY-  Total                              1
! STATUS-   Creating the UG part (Phase 3 of 3): 12-JUN-2026  11:08:15 AM
! INFO-     Filing Part ..: C:\Users\felix.l.hoch\OneDrive - Syddansk Universitet\Documents\Spotter-Syringe\Syringe_Spotter_V2\09-20-003
! SUMMARY-   
! SUMMARY-  Summary of Unigraphics Part Entities
! SUMMARY-   
! SUMMARY-  Entities Processed             Count
! SUMMARY-  ------------------             -----
! SUMMARY-  Solid/Sheet .................:     1
! SUMMARY-                                 -----
! SUMMARY-  Total                              1
! STATUS-   Creating the UG part (Phase 3 of 3): 12-JUN-2026  11:08:15 AM
! INFO-     Filing Part ..: C:\Users\felix.l.hoch\OneDrive - Syddansk Universitet\Documents\Spotter-Syringe\Syringe_Spotter_V2\03-20-906
! SUMMARY-   
! SUMMARY-  Summary of Unigraphics Part Entities
! SUMMARY-   
! SUMMARY-  Entities Processed             Count
! SUMMARY-  ------------------             -----
! SUMMARY-  Solid/Sheet .................:     1
! SUMMARY-                                 -----
! SUMMARY-  Total                              1
! STATUS-   Creating the UG part (Phase 3 of 3): 12-JUN-2026  11:08:15 AM
! INFO-     Filing Part ..: C:\Users\felix.l.hoch\OneDrive - Syddansk Universitet\Documents\Spotter-Syringe\Syringe_Spotter_V2\03-20-912
! SUMMARY-   
! SUMMARY-  Summary of Unigraphics Part Entities
! SUMMARY-   
! SUMMARY-  Entities Processed             Count
! SUMMARY-  ------------------             -----
! SUMMARY-  Solid/Sheet .................:     1
! SUMMARY-                                 -----
! SUMMARY-  Total                              1
! STATUS-   Creating the UG part (Phase 3 of 3): 12-JUN-2026  11:08:16 AM
! INFO-     Filing Part ..: C:\Users\felix.l.hoch\OneDrive - Syddansk Universitet\Documents\Spotter-Syringe\Syringe_Spotter_V2\16-20-903
! SUMMARY-   
! SUMMARY-  Summary of Unigraphics Part Entities
! SUMMARY-   
! SUMMARY-  Entities Processed             Count
! SUMMARY-  ------------------             -----
! SUMMARY-  Solid/Sheet .................:     1
! SUMMARY-                                 -----
! SUMMARY-  Total                              1
! STATUS-   Creating the UG part (Phase 3 of 3): 12-JUN-2026  11:08:16 AM
! INFO-     Filing Part ..: C:\Users\felix.l.hoch\OneDrive - Syddansk Universitet\Documents\Spotter-Syringe\Syringe_Spotter_V2\16-20-902
! SUMMARY-   
! SUMMARY-  Summary of Unigraphics Part Entities
! SUMMARY-   
! SUMMARY-  Entities Processed             Count
! SUMMARY-  ------------------             -----
! SUMMARY-  Solid/Sheet .................:     1
! SUMMARY-                                 -----
! SUMMARY-  Total                              1
! STATUS-   Creating the UG part (Phase 3 of 3): 12-JUN-2026  11:08:16 AM
! INFO-     Filing Part ..: C:\Users\felix.l.hoch\OneDrive - Syddansk Universitet\Documents\Spotter-Syringe\Syringe_Spotter_V2\28-20-908
! SUMMARY-   
! SUMMARY-  Summary of Unigraphics Part Entities
! SUMMARY-   
! SUMMARY-  Entities Processed             Count
! SUMMARY-  ------------------             -----
! SUMMARY-  Solid/Sheet .................:     5
! SUMMARY-                                 -----
! SUMMARY-  Total                              5
! STATUS-   Creating the UG part (Phase 3 of 3): 12-JUN-2026  11:08:16 AM
! INFO-     Filing Part ..: C:\Users\felix.l.hoch\OneDrive - Syddansk Universitet\Documents\Spotter-Syringe\Syringe_Spotter_V2\28-20-002
! SUMMARY-   
! SUMMARY-  Summary of Unigraphics Part Entities
! SUMMARY-   
! SUMMARY-  Entities Processed             Count
! SUMMARY-  ------------------             -----
! SUMMARY-  Solid/Sheet .................:     1
! SUMMARY-                                 -----
! SUMMARY-  Total                              1
! STATUS-   Creating the UG part (Phase 3 of 3): 12-JUN-2026  11:08:16 AM
! INFO-     Filing Part ..: C:\Users\felix.l.hoch\OneDrive - Syddansk Universitet\Documents\Spotter-Syringe\Syringe_Spotter_V2\16-20-901
! SUMMARY-   
! SUMMARY-  Summary of Unigraphics Part Entities
! SUMMARY-   
! SUMMARY-  Entities Processed             Count
! SUMMARY-  ------------------             -----
! SUMMARY-  Solid/Sheet .................:     1
! SUMMARY-                                 -----
! SUMMARY-  Total                              1
! STATUS-   Creating the UG part (Phase 3 of 3): 12-JUN-2026  11:08:16 AM
! INFO-     Filing Part ..: C:\Users\felix.l.hoch\OneDrive - Syddansk Universitet\Documents\Spotter-Syringe\Syringe_Spotter_V2\LMD8S12BSS05-060.prt
! SUMMARY-   
! SUMMARY-  Summary of Unigraphics Part Entities
! SUMMARY-   
! SUMMARY-  Entities Processed             Count
! SUMMARY-  ------------------             -----
! SUMMARY-  Component ...................:    40
! SUMMARY-                                 -----
! SUMMARY-  Total                             40
! INFO-      
! INFO-     Total number of solids input for this translation       :        25
! INFO-      
! INFO-     Number of solids created without body validation faults :        25
! INFO-      
! INFO-     Number of solids created with body validation fault(s)  :         0
! INFO-      
! INFO-     Number of solids ending up as sheet bodies              :         0
! INFO-      
! INFO-     End of Translation: 12-JUN-2026  11:08:16 AM
! INFO-      
STEP to UG
! INFO-     NX STEP AP203 - V2406.1700
! INFO-      
! INFO-     Start of Translation: 12-JUN-2026  11:10:12 AM
! INFO-      
! STATUS-   Converting Part: C:\Users\felix.l.hoch\Downloads\LMD8S12BSS05-060.stp
! SUMMARY-   
! SUMMARY-    STEP Header Information
! SUMMARY-   
! SUMMARY-  Description      This file contains a STEP AP42 implementation
! SUMMARY-  Description      as created by ZW3D STEP Interface translator.
! SUMMARY-  Description      Unknown
! SUMMARY-  Imp_Level        2;1
! SUMMARY-  File_Name        PDM20E230-BS0401-0.5-4-60-001.stp
! SUMMARY-  Date             26 3 2.171526
! SUMMARY-  Author           Unknown
! SUMMARY-  Organization     ZWCAD Software Co.
! SUMMARY-  Pre_Version      Version 1.0
! SUMMARY-  Orig_System      ZW3D to STEP translator
! SUMMARY-  Authorization    Unknown
! SUMMARY-  Schema_ID        automotive_design
! SUMMARY-   
! SUMMARY-    Summary of STEP Entities
! SUMMARY-   
! SUMMARY-  Entity Type                                                   Count
! SUMMARY-  -----------                                                   ------
! SUMMARY-  advanced_face ..............................................:    776
! SUMMARY-  application_context ........................................:     43
! SUMMARY-  axis2_placement_3d .........................................:   1430
! SUMMARY-  b_spline_curve_with_knots ..................................:    162
! SUMMARY-  b_spline_curve_with_knots_and_rational_b_spline_curve ......:     64
! SUMMARY-  b_spline_surface_with_knots_and_rational_b_spline_surface ..:      2
! SUMMARY-  cartesian_point ............................................:  29158
! SUMMARY-  circle .....................................................:    619
! SUMMARY-  closed_shell ...............................................:     25
! SUMMARY-  conical_surface ............................................:     72
! SUMMARY-  context_dependent_shape_representation .....................:     40
! SUMMARY-  cylindrical_surface ........................................:    249
! SUMMARY-  direction ..................................................:   3924
! SUMMARY-  edge_curve .................................................:   1908
! SUMMARY-  edge_loop ..................................................:    984
! SUMMARY-  face_bound .................................................:    208
! SUMMARY-  face_outer_bound ...........................................:    776
! SUMMARY-  geometric_representation_context_and_global_uncertainty_a ..:      1
! SUMMARY-  item_defined_transformation ................................:     40
! SUMMARY-  length_unit_and_si_unit ....................................:      1
! SUMMARY-  line .......................................................:   1064
! SUMMARY-  manifold_solid_brep ........................................:     25
! SUMMARY-  next_assembly_usage_occurrence .............................:     40
! SUMMARY-  open_shell .................................................:      4
! SUMMARY-  oriented_edge ..............................................:   3800
! SUMMARY-  plane ......................................................:    364
! SUMMARY-  plane_angle_unit_and_si_unit ...............................:      1
! SUMMARY-  product ....................................................:     22
! SUMMARY-  product_context ............................................:     22
! SUMMARY-  product_definition .........................................:     22
! SUMMARY-  product_definition_context .................................:     22
! SUMMARY-  product_definition_formation_with_specified_source .........:     22
! SUMMARY-  product_definition_shape ...................................:     62
! SUMMARY-  product_related_product_category ...........................:     22
! SUMMARY-  representation_relationship_with_transformation_and_shape ..:     40
! SUMMARY-  shape_representation .......................................:     21
! SUMMARY-  shell_based_surface_model ..................................:      4
! SUMMARY-  si_unit_and_solid_angle_unit ...............................:      1
! SUMMARY-  spherical_surface ..........................................:      2
! SUMMARY-  toroidal_surface ...........................................:     23
! SUMMARY-  trimmed_curve ..............................................:      5
! SUMMARY-  uncertainty_measure_with_unit ..............................:      1
! SUMMARY-  vector .....................................................:   1064
! SUMMARY-  vertex_point ...............................................:   1242
! SUMMARY-                                                               -------
! SUMMARY-  Total                                                          48377
! STATUS-    
! STATUS-   Converting to Output Form (Phase 2 of 3): 12-JUN-2026 11:10:12 AM
! STATUS-    
! STATUS-    
! STATUS-   Generating UG geometry and placing them in parts
! STATUS-    
! STATUS-   Creating the UG part (Phase 3 of 3): 12-JUN-2026  11:10:18 AM
! INFO-     Filing Part ..: C:\Users\felix.l.hoch\OneDrive - Syddansk Universitet\Documents\Spotter-Syringe\Syringe_Spotter_V2\LMD8S12BSS05-060.prt
! SUMMARY-   
! SUMMARY-  Summary of Unigraphics Part Entities
! SUMMARY-   
! SUMMARY-  Entities Processed             Count
! SUMMARY-  ------------------             -----
! SUMMARY-  Component ...................:    40
! SUMMARY-                                 -----
! SUMMARY-  Total                             40
! INFO-      
! INFO-     Total number of solids input for this translation       :         0
! INFO-      
! INFO-     Number of solids created without body validation faults :         0
! INFO-      
! INFO-     Number of solids created with body validation fault(s)  :         0
! INFO-      
! INFO-     Number of solids ending up as sheet bodies              :         0
! INFO-      
! INFO-     End of Translation: 12-JUN-2026  11:10:18 AM
! INFO-      
