
Unigraphics NX2406.1700 / 2D Exchange

Reading part: C:\Users\felix.l.hoch\OneDrive - Syddansk Universitet\Documents\Spotter-Syringe\Syringe_Spotter_V2\syringe-clamp_SDU_V2.prt


Writing part: C:\Users\FELIXL~1.HOC\AppData\Local\Temp\1\feliatx6ru0iukmpp.prt

Elapsed time   :    0 minutes,  1 seconds
Actual CPU Time:    0 minutes,  0 seconds

INFO-
INFO-		Unigraphics Version NX2406.1700 to AutoCAD 2018
INFO-		
INFO-
INFO-		Running UGTODXF Translator .....
INFO-
INFO-		Start of Translation: Wed Jun 17 15:23:15 2026
INFO-
STATUS-		Converting C:\Users\FELIXL~1.HOC\AppData\Local\Temp\1\feliatx6ru0iukmpp.prt
STATUS-
SUMMARY-
SUMMARY-	Summary of Unigraphics Input Entities
SUMMARY-	For Unigraphics File: C:\Users\FELIXL~1.HOC\AppData\Local\Temp\1\feliatx6ru0iukmpp.prt
SUMMARY-	------------------------------------------------------------------
SUMMARY-	Entity Type					Count
SUMMARY-	------------------------------------------------------------------
SUMMARY-	Line .....................................:	10
SUMMARY-	Arc ......................................:	6
SUMMARY-	Circle ...................................:	4
SUMMARY-	------------------------------------------------------------------
SUMMARY-	Total ....................................:	20
SUMMARY-	------------------------------------------------------------------
SUMMARY-
STATUS-
INFO-
INFO-		Writing File: C:\Users\felix.l.hoch\OneDrive - Syddansk Universitet\Documents\Spotter-Syringe\Syringe_Spotter_V2\Waterjetting\syringe-clamp_SDU_V2_6mm_Alu.dxf
SUMMARY-	Summary of AutoCAD Output Entities
SUMMARY-	------------------------------------------------------------------
SUMMARY-	Entity Type					Count
SUMMARY-	------------------------------------------------------------------
SUMMARY-	Arc ......................................:	6
SUMMARY-	Circle ...................................:	4
SUMMARY-	Line .....................................:	10
SUMMARY-	Layout ...................................:	6
SUMMARY-	------------------------------------------------------------------
SUMMARY-	Total ....................................:	26
SUMMARY-	------------------------------------------------------------------
SUMMARY-
INFO-
INFO-		End of Translation: Wed Jun 17 15:23:15 2026
INFO-		Translation CPU time: 0 m, 1 sINFO-
