STEP to UG
! INFO-     NX STEP AP203 - V2406.1700
! INFO-      
! INFO-     Start of Translation: 16-JUN-2026  9:24:33 AM
! INFO-      
! STATUS-   Converting Part: C:\Users\felix.l.hoch\Downloads\OGLW2-70T4-2PS6.STEP
! SUMMARY-   
! SUMMARY-    STEP Header Information
! SUMMARY-   
! SUMMARY-  Description      STEP AP203
! SUMMARY-  Imp_Level        1
! SUMMARY-  File_Name        OGLW2-70T4-2PS6.STEP
! SUMMARY-  Date             2014-11-04T07:54:36
! SUMMARY-  Author           Unknown
! SUMMARY-  Organization     Unknown
! SUMMARY-  Pre_Version      SwSTEP 2.0
! SUMMARY-  Orig_System      SolidWorks 2014
! SUMMARY-  Authorization    Unknown
! SUMMARY-  Schema_ID        config_control_design
! SUMMARY-   
! SUMMARY-    Summary of STEP Entities
! SUMMARY-   
! SUMMARY-  Entity Type                                                   Count
! SUMMARY-  -----------                                                   ------
! SUMMARY-  advanced_face ..............................................:    235
! SUMMARY-  application_context ........................................:      2
! SUMMARY-  approval ...................................................:      3
! SUMMARY-  approval_date_time .........................................:      3
! SUMMARY-  approval_person_organization ...............................:      3
! SUMMARY-  approval_role ..............................................:      3
! SUMMARY-  approval_status ............................................:      3
! SUMMARY-  axis2_placement_3d .........................................:    569
! SUMMARY-  b_spline_curve_with_knots ..................................:     22
! SUMMARY-  b_spline_curve_with_knots_and_rational_b_spline_curve ......:     26
! SUMMARY-  b_spline_surface_with_knots_and_rational_b_spline_surface ..:      3
! SUMMARY-  calendar_date ..............................................:      3
! SUMMARY-  cartesian_point ............................................:   2052
! SUMMARY-  circle .....................................................:    336
! SUMMARY-  conical_surface ............................................:     47
! SUMMARY-  coordinated_universal_time_offset ..........................:      3
! SUMMARY-  cylindrical_surface ........................................:    128
! SUMMARY-  date_and_time ..............................................:      3
! SUMMARY-  direction ..................................................:   1437
! SUMMARY-  edge_curve .................................................:    683
! SUMMARY-  edge_loop ..................................................:    278
! SUMMARY-  face_bound .................................................:     43
! SUMMARY-  face_outer_bound ...........................................:    235
! SUMMARY-  geometric_representation_context_and_global_uncertainty_a ..:      1
! SUMMARY-  length_unit_and_si_unit ....................................:      1
! SUMMARY-  line .......................................................:    299
! SUMMARY-  local_time .................................................:      3
! SUMMARY-  open_shell .................................................:     17
! SUMMARY-  organization ...............................................:      1
! SUMMARY-  oriented_edge ..............................................:   1200
! SUMMARY-  person .....................................................:      1
! SUMMARY-  person_and_organization ....................................:      3
! SUMMARY-  plane ......................................................:     48
! SUMMARY-  plane_angle_unit_and_si_unit ...............................:      1
! SUMMARY-  product ....................................................:      1
! SUMMARY-  product_context ............................................:      1
! SUMMARY-  product_definition .........................................:      1
! SUMMARY-  product_definition_context .................................:      1
! SUMMARY-  product_definition_formation_with_specified_source .........:      1
! SUMMARY-  product_definition_shape ...................................:      1
! SUMMARY-  product_related_product_category ...........................:      1
! SUMMARY-  shell_based_surface_model ..................................:      1
! SUMMARY-  si_unit_and_solid_angle_unit ...............................:      1
! SUMMARY-  spherical_surface ..........................................:      5
! SUMMARY-  toroidal_surface ...........................................:      4
! SUMMARY-  uncertainty_measure_with_unit ..............................:      1
! SUMMARY-  vector .....................................................:    299
! SUMMARY-  vertex_point ...............................................:    465
! SUMMARY-                                                               -------
! SUMMARY-  Total                                                           8478
! STATUS-    
! STATUS-   Converting to Output Form (Phase 2 of 3): 16-JUN-2026 9:24:34 AM
! STATUS-    
! STATUS-    
! STATUS-   Generating UG geometry and placing them in parts
! STATUS-    
! STATUS-   Creating the UG part (Phase 3 of 3): 16-JUN-2026  9:24:38 AM
! INFO-     Filing Part ..: C:\Users\felix.l.hoch\OneDrive - Syddansk Universitet\Documents\Spotter-Syringe\Syringe_Spotter_V2\3D-Printing\OGLW2-70T4-2PS6.prt
! SUMMARY-   
! SUMMARY-  Summary of Unigraphics Part Entities
! SUMMARY-   
! SUMMARY-  Entities Processed             Count
! SUMMARY-  ------------------             -----
! SUMMARY-  Solid/Sheet .................:    17
! SUMMARY-                                 -----
! SUMMARY-  Total                             17
! INFO-      
! INFO-     Total number of solids input for this translation       :         0
! INFO-      
! INFO-     Number of solids created without body validation faults :         0
! INFO-      
! INFO-     Number of solids created with body validation fault(s)  :         0
! INFO-      
! INFO-     Number of solids ending up as sheet bodies              :         0
! INFO-      
! INFO-     End of Translation: 16-JUN-2026  9:24:40 AM
! INFO-      
