STEP to UG
! INFO-     NX STEP AP203 - V2406.1700
! INFO-      
! INFO-     Start of Translation: 16-JUN-2026  11:05:19 AM
! INFO-      
! STATUS-   Converting Part: C:\Users\felix.l.hoch\Downloads\OGLW2-40T-2PS6.STEP
! SUMMARY-   
! SUMMARY-    STEP Header Information
! SUMMARY-   
! SUMMARY-  Description      STEP AP214
! SUMMARY-  Imp_Level        1
! SUMMARY-  File_Name        OGLW2-40T-2PS6.STEP
! SUMMARY-  Date             2021-11-09T15:07:48
! SUMMARY-  Author           Unknown
! SUMMARY-  Organization     Unknown
! SUMMARY-  Pre_Version      SwSTEP 2.0
! SUMMARY-  Orig_System      SolidWorks 2020
! SUMMARY-  Authorization    Unknown
! SUMMARY-  Schema_ID        automotive_design
! SUMMARY-   
! SUMMARY-    Summary of STEP Entities
! SUMMARY-   
! SUMMARY-  Entity Type                                                   Count
! SUMMARY-  -----------                                                   ------
! SUMMARY-  advanced_face ..............................................:    267
! SUMMARY-  application_context ........................................:      2
! SUMMARY-  axis2_placement_3d .........................................:    589
! SUMMARY-  b_spline_curve_with_knots ..................................:     24
! SUMMARY-  b_spline_curve_with_knots_and_rational_b_spline_curve ......:     11
! SUMMARY-  b_spline_surface_with_knots_and_rational_b_spline_surface ..:      3
! SUMMARY-  brep_with_voids ............................................:      1
! SUMMARY-  cartesian_point ............................................:   2214
! SUMMARY-  circle .....................................................:    324
! SUMMARY-  closed_shell ...............................................:      8
! SUMMARY-  conical_surface ............................................:     15
! SUMMARY-  cylindrical_surface ........................................:    143
! SUMMARY-  direction ..................................................:   1431
! SUMMARY-  edge_curve .................................................:    612
! SUMMARY-  edge_loop ..................................................:    320
! SUMMARY-  face_bound .................................................:     53
! SUMMARY-  face_outer_bound ...........................................:    267
! SUMMARY-  geometric_representation_context_and_global_uncertainty_a ..:    130
! SUMMARY-  length_unit_and_si_unit ....................................:    130
! SUMMARY-  line .......................................................:    253
! SUMMARY-  manifold_solid_brep ........................................:      4
! SUMMARY-  oriented_closed_shell ......................................:      3
! SUMMARY-  oriented_edge ..............................................:   1224
! SUMMARY-  plane ......................................................:     86
! SUMMARY-  plane_angle_unit_and_si_unit ...............................:    130
! SUMMARY-  product ....................................................:      1
! SUMMARY-  product_context ............................................:      1
! SUMMARY-  product_definition .........................................:      1
! SUMMARY-  product_definition_context .................................:      1
! SUMMARY-  product_definition_formation_with_specified_source .........:      1
! SUMMARY-  product_definition_shape ...................................:      1
! SUMMARY-  product_related_product_category ...........................:      1
! SUMMARY-  si_unit_and_solid_angle_unit ...............................:    130
! SUMMARY-  spherical_surface ..........................................:     20
! SUMMARY-  uncertainty_measure_with_unit ..............................:    130
! SUMMARY-  vector .....................................................:    253
! SUMMARY-  vertex_point ...............................................:    400
! SUMMARY-                                                               -------
! SUMMARY-  Total                                                           9184
! STATUS-    
! STATUS-   Converting to Output Form (Phase 2 of 3): 16-JUN-2026 11:05:19 AM
! STATUS-    
! STATUS-    
! STATUS-   Generating UG geometry and placing them in parts
! STATUS-    
! STATUS-   Creating the UG part (Phase 3 of 3): 16-JUN-2026  11:05:20 AM
! INFO-     Filing Part ..: C:\Users\felix.l.hoch\OneDrive - Syddansk Universitet\Documents\Spotter-Syringe\Syringe_Spotter_V2\3D-Printing\OGLW2-40T-2PS6.prt
! SUMMARY-   
! SUMMARY-  Summary of Unigraphics Part Entities
! SUMMARY-   
! SUMMARY-  Entities Processed             Count
! SUMMARY-  ------------------             -----
! SUMMARY-  Solid/Sheet .................:     5
! SUMMARY-                                 -----
! SUMMARY-  Total                              5
! INFO-      
! INFO-     Total number of solids input for this translation       :         5
! INFO-      
! INFO-     Number of solids created without body validation faults :         5
! INFO-      
! INFO-     Number of solids created with body validation fault(s)  :         0
! INFO-      
! INFO-     Number of solids ending up as sheet bodies              :         0
! INFO-      
! INFO-     End of Translation: 16-JUN-2026  11:05:28 AM
! INFO-      
